// Jest Snapshot v1, https://goo.gl/fbAQLP

exports[`LeaveDashboard renders a snapshot 1`] = `
<div>
  <div
    className="panel panel-default"
    id={undefined}
  >
    <div
      className="panel-body"
    >
      OVERVIEW
    </div>
  </div>
  <div
    className="leave-request panel panel-default"
    id={undefined}
  >
    <div
      className="panel-body"
    >
      LEAVE REQUEST
    </div>
  </div>
</div>
`;

exports[`LeaveDashboard should render error when person is resolved 1`] = `
<div>
  <div
    className="panel panel-default"
    id={undefined}
  >
    <div
      className="panel-body"
    >
      OVERVIEW
    </div>
  </div>
  <div
    className="leave-request panel panel-default"
    id={undefined}
  >
    <div
      className="panel-body"
    >
      LEAVE REQUEST
    </div>
  </div>
</div>
`;

exports[`LeaveDashboard should render people information when person is resolved 1`] = `
<div>
  <div
    className="panel panel-default"
    id={undefined}
  >
    <div
      className="panel-body"
    >
      OVERVIEW
    </div>
  </div>
  <div
    className="leave-request panel panel-default"
    id={undefined}
  >
    <div
      className="panel-body"
    >
      LEAVE REQUEST
    </div>
  </div>
</div>
`;
