// Jest Snapshot v1, https://goo.gl/fbAQLP

exports[`LeaveDashboard renders a snapshot 1`] = `
<div>
  <div
    className="panel panel-default"
    id={undefined}
  >
    <div
      className="panel-body"
    >
      <div
        className="overview"
      >
        <div
          className="col-xs-12"
        >
          <h4>
            22 junio 2017
          </h4>
          <span
            className="text-muted"
          >
            15
             dias disponibles
          </span>
        </div>
        <div
          className="overview-box-container no-padding col-xs-12"
        >
          <div
            className="overview-box col-md-4"
          >
            <div
              className="overview-box-header gray-color"
            >
              Días Disponibles
            </div>
            <div
              className="overview-box-body"
            >
              <div
                className="overview-box-title"
              >
                15
              </div>
            </div>
          </div>
          <div
            className="overview-box col-md-4"
          >
            <div
              className="overview-box-header"
            >
              Última solicitud
            </div>
            <div
              className="overview-box-body"
            >
              <div
                className="overview-box-title"
              >
                 8 días
              </div>
              <div
                className="text-muted"
              >
                15-06-2017
              </div>
            </div>
          </div>
          <div
            className="overview-box last overview-box-center col-md-4"
          >
            <button
              className="btn btn-primary"
              onClick={[Function]}
            >
              Solicitar Ahora
            </button>
          </div>
        </div>
      </div>
    </div>
  </div>
  <div
    className="leave-request text-center panel panel-default"
    id={undefined}
  >
    <div
      className="panel-body"
    >
      <img
        alt=""
        className="back-image"
        src="/img/back.png"
      />
      <h4
        className="gray-color"
      >
        No has solicitado vacaciones
      </h4>
    </div>
  </div>
</div>
`;

exports[`LeaveDashboard should render error when person is resolved 1`] = `
<div>
  <div
    className="panel panel-default"
    id={undefined}
  >
    <div
      className="panel-body"
    >
      <div
        className="overview"
      >
        <div
          className="col-xs-12"
        >
          <h4>
            22 junio 2017
          </h4>
          <span
            className="text-muted"
          >
            15
             dias disponibles
          </span>
        </div>
        <div
          className="overview-box-container no-padding col-xs-12"
        >
          <div
            className="overview-box col-md-4"
          >
            <div
              className="overview-box-header gray-color"
            >
              Días Disponibles
            </div>
            <div
              className="overview-box-body"
            >
              <div
                className="overview-box-title"
              >
                15
              </div>
            </div>
          </div>
          <div
            className="overview-box col-md-4"
          >
            <div
              className="overview-box-header"
            >
              Última solicitud
            </div>
            <div
              className="overview-box-body"
            >
              <div
                className="overview-box-title"
              >
                 8 días
              </div>
              <div
                className="text-muted"
              >
                15-06-2017
              </div>
            </div>
          </div>
          <div
            className="overview-box last overview-box-center col-md-4"
          >
            <button
              className="btn btn-primary"
              onClick={[Function]}
            >
              Solicitar Ahora
            </button>
          </div>
        </div>
      </div>
    </div>
  </div>
  <div
    className="leave-request text-center panel panel-default"
    id={undefined}
  >
    <div
      className="panel-body"
    >
      <img
        alt=""
        className="back-image"
        src="/img/back.png"
      />
      <h4
        className="gray-color"
      >
        No has solicitado vacaciones
      </h4>
    </div>
  </div>
</div>
`;

exports[`LeaveDashboard should render people information when person is resolved 1`] = `
<div>
  <div
    className="panel panel-default"
    id={undefined}
  >
    <div
      className="panel-body"
    >
      <div
        className="overview"
      >
        <div
          className="col-xs-12"
        >
          <h4>
            22 junio 2017
          </h4>
          <span
            className="text-muted"
          >
            15
             dias disponibles
          </span>
        </div>
        <div
          className="overview-box-container no-padding col-xs-12"
        >
          <div
            className="overview-box col-md-4"
          >
            <div
              className="overview-box-header gray-color"
            >
              Días Disponibles
            </div>
            <div
              className="overview-box-body"
            >
              <div
                className="overview-box-title"
              >
                15
              </div>
            </div>
          </div>
          <div
            className="overview-box col-md-4"
          >
            <div
              className="overview-box-header"
            >
              Última solicitud
            </div>
            <div
              className="overview-box-body"
            >
              <div
                className="overview-box-title"
              >
                 8 días
              </div>
              <div
                className="text-muted"
              >
                15-06-2017
              </div>
            </div>
          </div>
          <div
            className="overview-box last overview-box-center col-md-4"
          >
            <button
              className="btn btn-primary"
              onClick={[Function]}
            >
              Solicitar Ahora
            </button>
          </div>
        </div>
      </div>
    </div>
  </div>
  <div
    className="leave-request text-center panel panel-default"
    id={undefined}
  >
    <div
      className="panel-body"
    >
      <img
        alt=""
        className="back-image"
        src="/img/back.png"
      />
      <h4
        className="gray-color"
      >
        No has solicitado vacaciones
      </h4>
    </div>
  </div>
</div>
`;
