// Jest Snapshot v1, https://goo.gl/fbAQLP

exports[`should render Overview as snapshot 1`] = `
<div
  className="panel panel-default"
  id={undefined}
>
  <div
    className="panel-body"
  >
    <div
      className="overview"
    >
      <div
        className="col-xs-12"
      >
        <h4>
          21 junio 2017
        </h4>
        <span
          className="text-muted"
        >
           dias disponibles
        </span>
      </div>
      <div
        className="overview-box-container no-padding col-xs-12"
      >
        <div
          className="overview-box col-md-4"
        >
          <div
            className="overview-box-header gray-color"
          >
            Días Disponibles
          </div>
          <div
            className="overview-box-body"
          >
            <div
              className="overview-box-title"
            />
          </div>
        </div>
        <div
          className="overview-box col-md-4"
        >
          <div
            className="overview-box-header"
          >
            Última solicitud
          </div>
          <div
            className="overview-box-body"
          >
            <div
              className="overview-box-title"
            >
              n/a
            </div>
            <div
              className="text-muted"
            />
          </div>
        </div>
        <div
          className="overview-box last overview-box-center col-md-4"
        >
          <a
            className="btn btn-primary"
          >
            Solicitar Ahora
          </a>
        </div>
      </div>
    </div>
  </div>
</div>
`;
